✔ A24 hole hit-testing ignores empty interior and selects shell (5.120666ms)
✔ A24 polygon display submits the exterior and hole contours (1.654311ms)
✔ A24 MultiPolygon display submits both disconnected components (1.097533ms)
✔ A24 MultiPolygon hit-testing selects a component and ignores the gap (2.047459ms)
✔ A25 tool routing targets each mounted widget independently (1.243444ms)
✔ polygon contours close and fill even-odd, without filling lines (1.078353ms)
✔ Point hit and translation preserve every coordinate and properties (1.376338ms)
✔ MultiPoint hit and translation preserve every coordinate and properties (1.135664ms)
✔ LineString hit and translation preserve every coordinate and properties (1.234408ms)
✔ Polygon hit and translation preserve every coordinate and properties (1.141454ms)
✔ MultiPolygon hit and translation preserve every coordinate and properties (1.062636ms)
✔ rect is cancelled on {"entry_id":"entry-b","revision":0} (1.051056ms)
✔ freehand is cancelled on {"entry_id":"entry-b","revision":0} (0.956397ms)
✔ circle is cancelled on {"entry_id":"entry-b","revision":0} (1.328594ms)
✔ polygon is cancelled on {"entry_id":"entry-b","revision":0} (0.961175ms)
✔ edit is cancelled on {"entry_id":"entry-b","revision":0} (1.112102ms)
✔ rect is cancelled on {"entry_id":"entry-a","revision":1} (0.889915ms)
✔ freehand is cancelled on {"entry_id":"entry-a","revision":1} (1.748665ms)
✔ circle is cancelled on {"entry_id":"entry-a","revision":1} (0.887128ms)
✔ polygon is cancelled on {"entry_id":"entry-a","revision":1} (0.831912ms)
✔ edit is cancelled on {"entry_id":"entry-a","revision":1} (0.85541ms)
✔ base and overlay loads ignore older generations and missing sources clear pixels (1.043752ms)
✔ one dispatcher per message survives remount, disposal removes listeners and callbacks (1.253216ms)
✔ creation captures the displayed target at gesture birth (1.195648ms)
✔ MultiPoint display draws disconnected circles and lines select only their stroke (1.088259ms)
✔ only the newest overlay callback can paint and disposal cancels pending overlays (0.95916ms)
✔ a same-source render restarts its pending overlay without accepting the old callback (1.052634ms)
✔ failed decode reports not ready and blocks drawing until current load succeeds (0.914393ms)
✔ keyboard rectangle anchors and Escape cancellation create real geometry (1.425978ms)
✔ protected and hidden features cannot be hit by erase (2.144577ms)
✖ pointer coordinates use canvas content dimensions rather than bordered host size (2.110923ms)
ℹ tests 31
ℹ suites 0
ℹ pass 30
ℹ fail 1
ℹ cancelled 0
ℹ skipped 0
ℹ todo 0
ℹ duration_ms 118.427246

✖ failing tests:

test at tests/audit/widget.test.js:231:1
✖ pointer coordinates use canvas content dimensions rather than bordered host size (2.110923ms)
  AssertionError [ERR_ASSERTION]: Expected values to be strictly deep-equal:
  + actual - expected
  
    [
  +   49,
  +   49
  -   50,
  -   50
    ]
  
      at TestContext.<anonymous> (/data/GitHub/CTTIR/public/annotatR-roadmap/tests/audit/widget.test.js:233:9)
      at Test.runInAsyncScope (node:async_hooks:227:14)
      at Test.run (node:internal/test_runner/test:1382:25)
      at Test.processPendingSubtests (node:internal/test_runner/test:960:18)
      at Test.postRun (node:internal/test_runner/test:1522:19)
      at Test.run (node:internal/test_runner/test:1447:12)
      at async Test.processPendingSubtests (node:internal/test_runner/test:960:7) {
    generatedMessage: true,
    code: 'ERR_ASSERTION',
    actual: [ 49, 49 ],
    expected: [ 50, 50 ],
    operator: 'deepStrictEqual',
    diff: 'simple'
  }
