app-capabilities: ....................Loading required package: shiny
...........................1

══ Failed ══════════════════════════════════════════════════════════════════════
── 1. Error ('test-app-capabilities.R:149:7'): malformed form payloads are rejec
Error in `.state_event(rv, c(.state_stamp(rv), list(payload = payload)), fields = "new_layer")`: unused argument (fields = "new_layer")
Backtrace:
     ▆
  1. ├─shiny::isolate(...) at test-app-capabilities.R:147:3
  2. │ ├─shiny::..stacktraceoff..(...)
  3. │ └─ctx$run(...)
  4. │   ├─promises::with_promise_domain(...)
  5. │   │ └─domain$wrapSync(expr)
  6. │   ├─shiny::withReactiveDomain(...)
  7. │   │ └─promises::with_promise_domain(...)
  8. │   │   └─domain$wrapSync(expr)
  9. │   │     └─base::force(expr)
 10. │   ├─shiny:::with_otel_span_context(...)
 11. │   │ └─base::force(expr)
 12. │   ├─shiny::captureStackTraces(...)
 13. │   │ └─promises::with_promise_domain(...)
 14. │   │   └─domain$wrapSync(expr)
 15. │   │     └─base::withCallingHandlers(expr, error = doCaptureStack)
 16. │   └─env$runWith(self, func)
 17. │     └─shiny (local) contextFunc()
 18. │       └─shiny::..stacktraceon..(expr)
 19. ├─testthat::expect_null(...) at test-app-capabilities.R:149:7
 20. │ └─testthat::quasi_label(enquo(object), label)
 21. │   └─rlang::eval_bare(expr, quo_get_env(quo))
 22. └─base::.handleSimpleError(...)
 23.   └─shiny (local) h(simpleError(msg, call))

══ DONE ════════════════════════════════════════════════════════════════════════
Error:
! Test failures.
Execution halted
