✔ A24 hole hit-testing ignores empty interior and selects shell (5.040019ms)
✔ A24 polygon display submits the exterior and hole contours (1.801735ms)
✔ A24 MultiPolygon display submits both disconnected components (1.048564ms)
✔ A24 MultiPolygon hit-testing selects a component and ignores the gap (1.151282ms)
✔ A25 tool routing targets each mounted widget independently (2.390402ms)
✔ polygon contours close and fill even-odd, without filling lines (1.279604ms)
✔ Point hit and translation preserve every coordinate and properties (1.251691ms)
✔ MultiPoint hit and translation preserve every coordinate and properties (1.169555ms)
✔ LineString hit and translation preserve every coordinate and properties (1.206699ms)
✔ Polygon hit and translation preserve every coordinate and properties (1.037476ms)
✔ MultiPolygon hit and translation preserve every coordinate and properties (1.438226ms)
✔ rect is cancelled on {"entry_id":"entry-b","revision":0} (1.003254ms)
✔ freehand is cancelled on {"entry_id":"entry-b","revision":0} (1.060823ms)
✔ circle is cancelled on {"entry_id":"entry-b","revision":0} (0.992379ms)
✔ polygon is cancelled on {"entry_id":"entry-b","revision":0} (0.83948ms)
✔ edit is cancelled on {"entry_id":"entry-b","revision":0} (0.857396ms)
✔ rect is cancelled on {"entry_id":"entry-a","revision":1} (0.797416ms)
✔ freehand is cancelled on {"entry_id":"entry-a","revision":1} (0.86235ms)
✔ circle is cancelled on {"entry_id":"entry-a","revision":1} (0.853889ms)
✔ polygon is cancelled on {"entry_id":"entry-a","revision":1} (0.78796ms)
✔ edit is cancelled on {"entry_id":"entry-a","revision":1} (0.857105ms)
✔ base and overlay loads ignore older generations and missing sources clear pixels (1.079609ms)
✔ one dispatcher per message survives remount, disposal removes listeners and callbacks (1.099201ms)
✔ creation captures the displayed target at gesture birth (1.52989ms)
✔ MultiPoint display draws disconnected circles and lines select only their stroke (1.057675ms)
✔ only the newest overlay callback can paint and disposal cancels pending overlays (2.027041ms)
✔ a same-source render restarts its pending overlay without accepting the old callback (1.044057ms)
✖ failed decode reports not ready and blocks drawing until current load succeeds (1.957172ms)
✖ keyboard rectangle anchors and Escape cancellation create real geometry (1.156981ms)
✖ protected and hidden features cannot be hit by erase (1.057821ms)
ℹ tests 30
ℹ suites 0
ℹ pass 27
ℹ fail 3
ℹ cancelled 0
ℹ skipped 0
ℹ todo 0
ℹ duration_ms 115.049871

✖ failing tests:

test at tests/audit/widget.test.js:204:1
✖ failed decode reports not ready and blocks drawing until current load succeeds (1.957172ms)
  AssertionError [ERR_ASSERTION]: Expected values to be strictly equal:
  
  1 !== 0
  
      at TestContext.<anonymous> (/data/GitHub/CTTIR/public/annotatR-roadmap/tests/audit/widget.test.js:207:10)
      at Test.runInAsyncScope (node:async_hooks:227:14)
      at Test.run (node:internal/test_runner/test:1382:25)
      at Test.processPendingSubtests (node:internal/test_runner/test:960:18)
      at Test.postRun (node:internal/test_runner/test:1522:19)
      at Test.run (node:internal/test_runner/test:1447:12)
      at async Test.processPendingSubtests (node:internal/test_runner/test:960:7) {
    generatedMessage: true,
    code: 'ERR_ASSERTION',
    actual: 1,
    expected: 0,
    operator: 'strictEqual',
    diff: 'simple'
  }

test at tests/audit/widget.test.js:213:1
✖ keyboard rectangle anchors and Escape cancellation create real geometry (1.156981ms)
  AssertionError [ERR_ASSERTION]: Expected values to be strictly equal:
  
  undefined !== 0
  
      at TestContext.<anonymous> (/data/GitHub/CTTIR/public/annotatR-roadmap/tests/audit/widget.test.js:215:10)
      at Test.runInAsyncScope (node:async_hooks:227:14)
      at Test.run (node:internal/test_runner/test:1382:25)
      at Test.processPendingSubtests (node:internal/test_runner/test:960:18)
      at Test.postRun (node:internal/test_runner/test:1522:19)
      at Test.run (node:internal/test_runner/test:1447:12)
      at async Test.processPendingSubtests (node:internal/test_runner/test:960:7) {
    generatedMessage: true,
    code: 'ERR_ASSERTION',
    actual: undefined,
    expected: 0,
    operator: 'strictEqual',
    diff: 'simple'
  }

test at tests/audit/widget.test.js:223:1
✖ protected and hidden features cannot be hit by erase (1.057821ms)
  AssertionError [ERR_ASSERTION]: Expected values to be strictly equal:
  
  1 !== 0
  
      at TestContext.<anonymous> (/data/GitHub/CTTIR/public/annotatR-roadmap/tests/audit/widget.test.js:226:10)
      at Test.runInAsyncScope (node:async_hooks:227:14)
      at Test.run (node:internal/test_runner/test:1382:25)
      at Test.processPendingSubtests (node:internal/test_runner/test:960:18)
      at Test.postRun (node:internal/test_runner/test:1522:19)
      at Test.run (node:internal/test_runner/test:1447:12)
      at async Test.processPendingSubtests (node:internal/test_runner/test:960:7) {
    generatedMessage: true,
    code: 'ERR_ASSERTION',
    actual: 1,
    expected: 0,
    operator: 'strictEqual',
    diff: 'simple'
  }
