✔ keyboard envelopes capture rendered canvas identity, preserve payload, and suppress missing identity (3.066168ms)
✔ shortcuts prevent browser undo and leave native controls alone (1.176231ms)
✔ real action handler snapshots form values and current identity before delayed delivery (1.093326ms)
✔ A24 hole hit-testing ignores empty interior and selects shell (5.424039ms)
✔ A24 polygon display submits the exterior and hole contours (1.796039ms)
✔ A24 MultiPolygon display submits both disconnected components (1.195464ms)
✔ A24 MultiPolygon hit-testing selects a component and ignores the gap (2.511953ms)
✔ A25 tool routing targets each mounted widget independently (1.420865ms)
✔ polygon contours close and fill even-odd, without filling lines (1.180799ms)
✔ Point hit and translation preserve every coordinate and properties (1.388131ms)
✔ MultiPoint hit and translation preserve every coordinate and properties (4.555238ms)
✔ LineString hit and translation preserve every coordinate and properties (1.381214ms)
✔ Polygon hit and translation preserve every coordinate and properties (1.228803ms)
✔ MultiPolygon hit and translation preserve every coordinate and properties (1.15757ms)
✔ rect is cancelled on {"entry_id":"entry-b","revision":0} (1.170804ms)
✔ freehand is cancelled on {"entry_id":"entry-b","revision":0} (1.114004ms)
✔ circle is cancelled on {"entry_id":"entry-b","revision":0} (1.132775ms)
✔ polygon is cancelled on {"entry_id":"entry-b","revision":0} (0.959153ms)
✔ edit is cancelled on {"entry_id":"entry-b","revision":0} (1.095712ms)
✔ rect is cancelled on {"entry_id":"entry-a","revision":1} (1.009295ms)
✔ freehand is cancelled on {"entry_id":"entry-a","revision":1} (0.9262ms)
✔ circle is cancelled on {"entry_id":"entry-a","revision":1} (2.464365ms)
✔ polygon is cancelled on {"entry_id":"entry-a","revision":1} (1.023338ms)
✔ edit is cancelled on {"entry_id":"entry-a","revision":1} (1.063203ms)
✔ base and overlay loads ignore older generations and missing sources clear pixels (1.113604ms)
✔ one dispatcher per message survives remount, disposal removes listeners and callbacks (1.353944ms)
✔ creation captures the displayed target at gesture birth (1.237953ms)
✔ MultiPoint display draws disconnected circles and lines select only their stroke (1.168017ms)
✔ only the newest overlay callback can paint and disposal cancels pending overlays (1.023523ms)
✔ a same-source render restarts its pending overlay without accepting the old callback (1.145886ms)
✔ failed decode reports not ready and blocks drawing until current load succeeds (1.004415ms)
✔ keyboard rectangle anchors and Escape cancellation create real geometry (1.552697ms)
✔ protected and hidden features cannot be hit by erase (1.079094ms)
✔ pointer coordinates use canvas content dimensions rather than bordered host size (2.441304ms)
ℹ tests 34
ℹ suites 0
ℹ pass 34
ℹ fail 0
ℹ cancelled 0
ℹ skipped 0
ℹ todo 0
ℹ duration_ms 123.317157
