COMMAND: Rscript tests/audit/run-regressions.R geometry 
REVISION: f69bf201f651c845ab496f76e25638bc919d4b13 
R: R version 4.6.1 (2026-06-24) 
PLATFORM: x86_64-pc-linux-gnu 
DEPENDENCY: pkgload 1.5.3 
DEPENDENCY: testthat 3.3.2 
DEPENDENCY: sf 1.1.2 
DEPENDENCY: stars 0.7.3 
DEPENDENCY: terra 1.9.34 
DEPENDENCY: tiff 0.1.12 
DEPENDENCY: shiny 1.14.0 
DEPENDENCY: ggplot2 4.0.3 
DEPENDENCY: magick 2.9.1 
          GEOS           GDAL         proj.4 GDAL_with_GEOS     USE_PROJ_H 
      "3.14.1"       "3.12.2"        "9.7.1"         "true"         "true" 
          PROJ 
       "9.7.1" 

TEST: A05 triangle coverage uses a deterministic pixel-centre tie rule 
RESULT: expectation_failure 
 Expected `as.matrix(at_mask(tri, dims = c(10, 10)))` to be identical to `expected`.
Differences:
`actual[1:8]`:   TRUE TRUE  TRUE  TRUE  TRUE  FALSE FALSE FALSE
`expected[1:8]`: TRUE FALSE FALSE FALSE FALSE FALSE FALSE FALSE

`actual[10:18]`:   FALSE TRUE TRUE TRUE  TRUE  TRUE  FALSE FALSE FALSE
`expected[10:18]`: FALSE TRUE TRUE FALSE FALSE FALSE FALSE FALSE FALSE

`actual[21:28]`:   TRUE TRUE TRUE TRUE  TRUE  FALSE FALSE FALSE
`expected[21:28]`: TRUE TRUE TRUE FALSE FALSE FALSE FALSE FALSE

`actual[32:38]`:   TRUE TRUE TRUE TRUE  FALSE FALSE FALSE
`expected[32:38]`: TRUE TRUE TRUE FALSE FALSE FALSE FALSE
 
RESULT: expectation_failure 
 Expected `... == 1L` to be identical to `expected`.
Differences:
`actual[31:37]`:   TRUE TRUE TRUE FALSE FALSE FALSE FALSE
`expected[31:37]`: TRUE TRUE TRUE TRUE  FALSE FALSE FALSE

`actual[42:48]`:   TRUE TRUE TRUE FALSE FALSE FALSE FALSE
`expected[42:48]`: TRUE TRUE TRUE TRUE  FALSE FALSE FALSE
 

TEST: A06 json interchange preserves level-zero geometry 
RESULT: expectation_failure 
 Expected `rt$area_px` to equal 36.
Differences:
  `actual`: 144.0
`expected`:  36.0
 
RESULT: expectation_failure 
 Expected `unname(sf::st_bbox(rt$geometry))` to equal `c(4, 4, 10, 10)`.
Differences:
  `actual`: 8.0 8.0 20.0 20.0
`expected`: 4.0 4.0 10.0 10.0
 

TEST: A06 csv interchange preserves level-zero geometry 
RESULT: expectation_failure 
 Expected `rt$area_px` to equal 36.
Differences:
  `actual`: 144.0
`expected`:  36.0
 
RESULT: expectation_failure 
 Expected `unname(sf::st_bbox(rt$geometry))` to equal `c(4, 4, 10, 10)`.
Differences:
  `actual`: 8.0 8.0 20.0 20.0
`expected`: 4.0 4.0 10.0 10.0
 

TEST: A15 integer point extraction includes its containing pixel 
RESULT: expectation_failure 
 Expected `as.matrix(at_mask(p))` to be identical to `expected`.
Differences:
`actual[42:48]`:   FALSE FALSE FALSE TRUE  FALSE FALSE FALSE
`expected[42:48]`: FALSE FALSE FALSE FALSE FALSE FALSE FALSE

`actual[53:59]`:   FALSE FALSE FALSE FALSE FALSE FALSE FALSE
`expected[53:59]`: FALSE FALSE FALSE TRUE  FALSE FALSE FALSE
 
RESULT: expectation_failure 
 Expected `nrow(extracted)` to equal 1L.
Differences:
  `actual`: 0
`expected`: 1
 

TEST: A16 mixed-level set operations reject missing image scale context 
RESULT: expectation_failure 
 Expected `at_roi_difference(a, b)` to throw a error. 

TEST: A18 downsampled overlay retains level-zero image extent 
RESULT: expectation_failure 
 Expected `range(c(raster$xmin, raster$xmax))` to equal `c(0, 2048)`.
Differences:
  `actual`: 0.50 1024.50
`expected`: 0.00 2048.00
 
RESULT: expectation_failure 
 Expected `range(c(raster$ymin, raster$ymax))` to equal `c(-8, 0)`.
Differences:
  `actual`: -4.50 -0.50
`expected`: -8.00  0.00
 

TEST: A21 per-ROI export uses both anisotropic image scale factors 
RESULT: expectation_failure 
 Expected `rc$n_px` to equal 72L.
Differences:
  `actual`: 36
`expected`: 72
 
RESULT: expectation_failure 
 Expected `all(tiff::readTIFF(rc$path, as.is = TRUE) == expected)` to be TRUE.
Differences:
`actual`:   FALSE
`expected`: TRUE 
 

TOTAL: tests=7 failed_assertions=13 error_cases=0 warnings=0 skipped=0 passed_assertions=1
