COMMAND: Rscript tests/audit/run-regressions.R io 
REVISION: f69bf201f651c845ab496f76e25638bc919d4b13 
R: R version 4.6.1 (2026-06-24) 
PLATFORM: x86_64-pc-linux-gnu 
DEPENDENCY: pkgload 1.5.3 
DEPENDENCY: testthat 3.3.2 
DEPENDENCY: sf 1.1.2 
DEPENDENCY: stars 0.7.3 
DEPENDENCY: terra 1.9.34 
DEPENDENCY: tiff 0.1.12 
DEPENDENCY: shiny 1.14.0 
DEPENDENCY: ggplot2 4.0.3 
DEPENDENCY: magick 2.9.1 
          GEOS           GDAL         proj.4 GDAL_with_GEOS     USE_PROJ_H 
      "3.14.1"       "3.12.2"        "9.7.1"         "true"         "true" 
          PROJ 
       "9.7.1" 

TEST: A09 equal relative filenames refer to distinct source pixels 
RESULT: expectation_failure 
 Expected `as.vector(at_tile(b))` to equal `rep(1, 4)`.
Differences:
  `actual`: 0.0 0.0 0.0 0.0
`expected`: 1.0 1.0 1.0 1.0
 

TEST: A10 ENVI header offset excludes the sentinel 
RESULT: expectation_failure 
 Expected `at_tile(at_read_image(paths[2]))` to equal `expected`.
Differences:
  `actual`: 999.0 2.0 1.0 3.0
`expected`:   1.0 3.0 2.0 4.0
 

TEST: A13 ENVI truncated payload is rejected before materialisation 
RESULT: expectation_failure 
 Expected `at_tile(at_read_image(paths[2]))` to throw a error. 

TEST: A13 NPY truncated payload is rejected rather than recycled 
RESULT: expectation_failure 
 Expected `at_read_npy(path)` to throw a error. 

TEST: A13 independent complete NPY control has correct orientation 

TOTAL: tests=5 failed_assertions=4 error_cases=0 warnings=0 skipped=0 passed_assertions=2
