COMMAND: Rscript tests/audit/run-regressions.R mask 
REVISION: f69bf201f651c845ab496f76e25638bc919d4b13 
R: R version 4.6.1 (2026-06-24) 
PLATFORM: x86_64-pc-linux-gnu 
DEPENDENCY: pkgload 1.5.3 
DEPENDENCY: testthat 3.3.2 
DEPENDENCY: sf 1.1.2 
DEPENDENCY: stars 0.7.3 
DEPENDENCY: terra 1.9.34 
DEPENDENCY: tiff 0.1.12 
DEPENDENCY: shiny 1.14.0 
DEPENDENCY: ggplot2 4.0.3 
DEPENDENCY: magick 2.9.1 
          GEOS           GDAL         proj.4 GDAL_with_GEOS     USE_PROJ_H 
      "3.14.1"       "3.12.2"        "9.7.1"         "true"         "true" 
          PROJ 
       "9.7.1" 

TEST: A14 numeric bits choices accept explicit integers 
RESULT: expectation_failure 
 Expected `at_write_mask(mask, path, bits = bits)` not to throw any errors.
Actually got a <rlang_error> with message:
  `bits` must be one of 16 or 8.
  x You supplied 8. 
RESULT: expectation_failure 
 Expected `at_write_mask(mask, path, bits = bits)` not to throw any errors.
Actually got a <rlang_error> with message:
  `bits` must be one of 16 or 8.
  x You supplied 16. 

TEST: A14 numeric connectivity choices accept explicit integers 
RESULT: expectation_failure 
 Expected `at_read_mask(path, connectivity = connectivity)` not to throw any errors.
Actually got a <rlang_error> with message:
  `connectivity` must be one of 8 or 4.
  x You supplied 4. 
RESULT: expectation_failure 
 Expected `at_read_mask(path, connectivity = connectivity)` not to throw any errors.
Actually got a <rlang_error> with message:
  `connectivity` must be one of 8 or 4.
  x You supplied 8. 

TEST: A14 default eight-connectivity joins diagonal foreground pixels 
RESULT: expectation_failure 
 Expected `layer$rois` to have length 1.
Actual length: 2. 

TEST: A14 four-connectivity separates diagonal foreground pixels 
RESULT: expectation_error 
 Error in `eval(code, test_env)`: `connectivity` must be one of 8 or 4.
x You supplied 4. 

TEST: A17 binary masks reject colliding nonzero background 
RESULT: expectation_failure 
 Expected `at_mask(square_roi(), dims = c(10, 10), background = 1L)` to throw a error. 

TEST: A19 RDS mask import restores stored label semantics 
RESULT: expectation_failure 
 Expected `layer$labels` to be identical to "tumour".
Differences:
`actual`:   "1"     
`expected`: "tumour"
 

TEST: A20 bitfield statistics include overlapping class membership 
RESULT: expectation_failure 
 Expected `stats$n_px` to equal `c(36L, 36L)`.
Differences:
  `actual`: 32 32
`expected`: 36 36
 
RESULT: expectation_failure 
 Expected `stats$frac_total` to equal `c(0.36, 0.36)`.
Differences:
  `actual`: 0.320 0.320
`expected`: 0.360 0.360
 
RESULT: expectation_failure 
 Expected `stats$centroid_x` to equal `c(3, 7)`.
Differences:
  `actual`: 2.75 7.25
`expected`: 3.00 7.00
 
RESULT: expectation_failure 
 Expected `at_mask_legend(at_mask_preview(mask, max_dim = 5L))$n_px` to equal `c(9L, 9L)`.
Differences:
  `actual`: 8 8
`expected`: 9 9
 

TOTAL: tests=7 failed_assertions=11 error_cases=1 warnings=0 skipped=0 passed_assertions=2
