COMMAND: Rscript tests/audit/run-regressions.R persistence 
REVISION: f69bf201f651c845ab496f76e25638bc919d4b13 
R: R version 4.6.1 (2026-06-24) 
PLATFORM: x86_64-pc-linux-gnu 
DEPENDENCY: pkgload 1.5.3 
DEPENDENCY: testthat 3.3.2 
DEPENDENCY: sf 1.1.2 
DEPENDENCY: stars 0.7.3 
DEPENDENCY: terra 1.9.34 
DEPENDENCY: tiff 0.1.12 
DEPENDENCY: shiny 1.14.0 
DEPENDENCY: ggplot2 4.0.3 
DEPENDENCY: magick 2.9.1 
          GEOS           GDAL         proj.4 GDAL_with_GEOS     USE_PROJ_H 
      "3.14.1"       "3.12.2"        "9.7.1"         "true"         "true" 
          PROJ 
       "9.7.1" 

TEST: A01 stripped project reopens identical pixels in a fresh process 
RESULT: expectation_failure 
 Expected `dim(tile)` to equal `c(2L, 2L, 1L)`.
Differences:
`actual` is NULL
`expected` is an integer vector (2, 2, 1)
 
RESULT: expectation_failure 
 Expected `as.vector(tile)` to equal `c(0, 1, 1, 0)`.
Differences:
`actual` is NULL
`expected` is a double vector (0, 1, 1, 0)
 

TEST: A07 loaded ROI IDs survive fresh-process additions without collisions 
RESULT: expectation_failure 
 Expected `anyDuplicated(result)` to be identical to 0L.
Differences:
  `actual`: 5
`expected`: 0
 

TEST: A08 duplicate image basenames export distinct successful artifacts 
RESULT: expectation_failure 
 Expected `length(unique(rc$path))` to equal 2L.
Differences:
  `actual`: 1
`expected`: 2
 
RESULT: expectation_failure 
 Expected `unname(labels)` to be identical to `c("first", "second")`.
Differences:
`actual`:   "second" "second"
`expected`: "first"  "second"
 

TEST: A22 project names cannot escape mask export directory 
RESULT: expectation_failure 
 Expected `file.exists(file.path(dir, "escaped.tif"))` to be FALSE.
Differences:
`actual`:   TRUE 
`expected`: FALSE
 
RESULT: expectation_failure 
 Expected `all(...)` to be TRUE.
Differences:
`actual`:   FALSE
`expected`: TRUE 
 

TEST: A23 default session path honours overwrite FALSE 
RESULT: expectation_failure 
 Expected `at_save_session(s, overwrite = FALSE)` to throw a error. 
RESULT: expectation_failure 
 Expected `readBin(path, "raw", n = file.info(path)$size)` to be identical to `before`.
Differences:
     actual | expected                 
[63] "be"   | "be"     [63]            
[64] "34"   | "34"     [64]            
[65] "b5"   | "b5"     [65]            
[66] "34"   - "04"     [66]            
[67] "24"   - "02"     [67]            
[68] "d4"   - "35"     [68]            
[69] "48"   - "92"     [69]            
            - "73"     [70]            
            - "77"     [71]            
            - "f6"     [72]            
 ... ...      ...      and 478 more ...
 

TOTAL: tests=5 failed_assertions=9 error_cases=0 warnings=0 skipped=0 passed_assertions=3
