✔ A24 hole hit-testing ignores empty interior and selects shell (4.835449ms)
✔ A24 polygon display submits the exterior and hole contours (1.781854ms)
✔ A24 MultiPolygon display submits both disconnected components (0.972051ms)
✔ A24 MultiPolygon hit-testing selects a component and ignores the gap (1.028806ms)
✔ A25 tool routing targets each mounted widget independently (2.190875ms)
✔ polygon contours close and fill even-odd, without filling lines (1.19879ms)
✔ Point hit and translation preserve every coordinate and properties (1.224464ms)
✔ MultiPoint hit and translation preserve every coordinate and properties (0.982454ms)
✔ LineString hit and translation preserve every coordinate and properties (1.069329ms)
✔ Polygon hit and translation preserve every coordinate and properties (4.135745ms)
✔ MultiPolygon hit and translation preserve every coordinate and properties (0.90932ms)
✔ rect is cancelled on {"entry_id":"entry-b","revision":0} (0.901774ms)
✔ freehand is cancelled on {"entry_id":"entry-b","revision":0} (0.855357ms)
✔ circle is cancelled on {"entry_id":"entry-b","revision":0} (0.814663ms)
✔ polygon is cancelled on {"entry_id":"entry-b","revision":0} (0.843166ms)
✔ edit is cancelled on {"entry_id":"entry-b","revision":0} (0.821777ms)
✔ rect is cancelled on {"entry_id":"entry-a","revision":1} (0.743105ms)
✔ freehand is cancelled on {"entry_id":"entry-a","revision":1} (0.798171ms)
✔ circle is cancelled on {"entry_id":"entry-a","revision":1} (1.168364ms)
✔ polygon is cancelled on {"entry_id":"entry-a","revision":1} (0.77917ms)
✔ edit is cancelled on {"entry_id":"entry-a","revision":1} (0.800481ms)
✔ base and overlay loads ignore older generations and missing sources clear pixels (0.944079ms)
✔ one dispatcher per message survives remount, disposal removes listeners and callbacks (1.0504ms)
✔ creation captures the displayed target at gesture birth (1.032161ms)
✔ MultiPoint display draws disconnected circles and lines select only their stroke (1.005051ms)
✔ only the newest overlay callback can paint and disposal cancels pending overlays (0.810198ms)
✖ a same-source render restarts its pending overlay without accepting the old callback (2.745832ms)
ℹ tests 27
ℹ suites 0
ℹ pass 26
ℹ fail 1
ℹ cancelled 0
ℹ skipped 0
ℹ todo 0
ℹ duration_ms 106.625336

✖ failing tests:

test at tests/audit/widget.test.js:187:1
✖ a same-source render restarts its pending overlay without accepting the old callback (2.745832ms)
  AssertionError [ERR_ASSERTION]: a compatible render must retain and restart the pending overlay
  
  1 !== 2
  
      at TestContext.<anonymous> (/data/GitHub/CTTIR/public/annotatR-roadmap/tests/audit/widget.test.js:193:10)
      at Test.runInAsyncScope (node:async_hooks:227:14)
      at Test.run (node:internal/test_runner/test:1382:25)
      at Test.processPendingSubtests (node:internal/test_runner/test:960:18)
      at Test.postRun (node:internal/test_runner/test:1522:19)
      at Test.run (node:internal/test_runner/test:1447:12)
      at async Test.processPendingSubtests (node:internal/test_runner/test:960:7) {
    generatedMessage: false,
    code: 'ERR_ASSERTION',
    actual: 1,
    expected: 2,
    operator: 'strictEqual',
    diff: 'simple'
  }
