* using log directory ‘<scratch>/annotatR.Rcheck’
* using R version 4.6.1 (2026-06-24)
* using platform: x86_64-pc-linux-gnu
* R was compiled by
    x86_64-linux-gnu-gcc (Ubuntu 15.2.0-16ubuntu1) 15.2.0
    GNU Fortran (Ubuntu 15.2.0-16ubuntu1) 15.2.0
* running under: Ubuntu 26.04 LTS
* using session charset: UTF-8
* current time: 2026-09-15 07:40:10 UTC
* using options ‘--no-manual --as-cran’
* checking for file ‘annotatR/DESCRIPTION’ ... OK
* checking extension type ... Package
* this is package ‘annotatR’ version ‘0.2.0’
* package encoding: UTF-8
* checking CRAN incoming feasibility ... ERROR
Maintainer: ‘Raban Heller <raban.heller@charite.de>’

New submission

Conflicting package names (submitted: annotatR, existing: annotatr [https://bioconductor.org/packages/3.23/bioc/src/contrib])
* checking package namespace information ... OK
* checking package dependencies ... INFO
Package suggested but not available for checking: ‘RBioFormats’
* checking if this is a source package ... OK
* checking if there is a namespace ... OK
* checking for executable files ... OK
* checking for hidden files and directories ... OK
* checking for portable file names ... OK
* checking for sufficient/correct file permissions ... OK
* checking whether package ‘annotatR’ can be installed ... OK
* checking installed package size ... INFO
  installed size is  5.2Mb
  sub-directories of 1Mb or more:
    extdata   2.7Mb
* checking package directory ... OK
* checking for future file timestamps ... OK
* checking ‘build’ directory ... OK
* checking DESCRIPTION meta-information ... OK
* checking top-level files ... OK
* checking for left-over files ... OK
* checking index information ... OK
* checking package subdirectories ... OK
* checking code files for non-ASCII characters ... OK
* checking R files for syntax errors ... OK
* checking whether the package can be loaded ... OK
* checking whether the package can be loaded with stated dependencies ... OK
* checking whether the package can be unloaded cleanly ... OK
* checking whether the namespace can be loaded with stated dependencies ... OK
* checking whether the namespace can be unloaded cleanly ... OK
* checking loading without being on the library search path ... OK
* checking whether startup messages can be suppressed ... OK
* checking use of S3 registration ... OK
* checking dependencies in R code ... OK
* checking S3 generic/method consistency ... OK
* checking replacement functions ... OK
* checking foreign function calls ... OK
* checking R code for possible problems ... [82s/16s] OK
* checking Rd files ... OK
* checking Rd metadata ... OK
* checking Rd line widths ... OK
* checking Rd cross-references ... OK
* checking for missing documentation entries ... OK
* checking for code/documentation mismatches ... OK
* checking Rd \usage sections ... OK
* checking Rd contents ... OK
* checking for unstated dependencies in examples ... OK
* checking installed files from ‘inst/doc’ ... OK
* checking files in ‘vignettes’ ... OK
* checking examples ... [29s/23s] OK
* checking examples with --run-donttest ... [29s/22s] OK
* checking for unstated dependencies in ‘tests’ ... OK
* checking tests ... [1m/16m] OK
  Running ‘testthat.R’ [1m/16m]
* checking for unstated dependencies in vignettes ... OK
* checking package vignettes ... OK
* checking re-building of vignette outputs ... [61s/18s] OK
* checking for non-standard things in the check directory ... OK
* checking for detritus in the temp directory ... OK
* DONE
Status: 1 ERROR
