Baseline test coverage: 87.11854 
           filename     value
            R/zzz.R   0.00000
  R/backend-cuvis.R  10.52632
    R/at_annotate.R  30.00000
   R/backend-tiff.R  41.75824
 R/backend-raster.R  60.46512
  R/widget-canvas.R  69.44444
        R/backend.R  71.42857
         R/io-npy.R  75.22124
        R/mask-io.R  83.72093
          R/batch.R  89.61039
     R/io-geojson.R  89.89899
   R/backend-envi.R  90.09009
          R/agree.R  90.76923
          R/utils.R  90.78014
       R/geometry.R  92.38411
     R/io-project.R  93.10345
    R/class-image.R  93.54839
           R/mask.R  93.81188
        R/extract.R  93.85965
  R/class-project.R  93.88646
      R/io-qupath.R  94.44444
           R/perf.R  94.64286
      R/class-roi.R  94.85981
           R/plot.R  95.27027
  R/class-session.R  95.45455
    R/utils-check.R  97.39130
 R/backend-tivita.R 100.00000
    R/class-layer.R 100.00000
   R/example-data.R 100.00000
         R/io-csv.R 100.00000
