     [,1] [,2] [,3] [,4]
[1,]    0    1    2    3
[2,]    4    5    6    7
[3,]    8    9   10   11
     scale offset
[1,]     2     10
      scale-nodata
 [1,]          NaN
 [2,]           12
 [3,]           14
 [4,]           16
 [5,]           18
 [6,]           20
 [7,]           22
 [8,]           24
 [9,]           26
[10,]           28
[11,]           30
[12,]           32
      scale-nodata
 [1,]           NA
 [2,]            1
 [3,]            2
 [4,]            3
 [5,]            4
 [6,]            5
 [7,]            6
 [8,]            7
 [9,]            8
[10,]            9
[11,]           10
[12,]           11
      scale-nodata
 [1,]           NA
 [2,]            1
 [3,]            2
 [4,]            3
 [5,]            4
 [6,]            5
 [7,]            6
 [8,]            7
 [9,]            8
[10,]            9
[11,]           10
[12,]           11
Error: identical(as.numeric(terra::values(raw)), as.numeric(0:11)) is not TRUE
Execution halted
