ℹ Loading annotatR

══ Testing test-backend.R ══════════════════════════════════════════════════════

[ FAIL 0 | WARN 0 | SKIP 0 | PASS 0 ]
[ FAIL 0 | WARN 0 | SKIP 0 | PASS 1 ]
[ FAIL 0 | WARN 0 | SKIP 0 | PASS 2 ]
[ FAIL 1 | WARN 0 | SKIP 0 | PASS 2 ]
[ FAIL 1 | WARN 0 | SKIP 0 | PASS 3 ]
[ FAIL 1 | WARN 0 | SKIP 0 | PASS 4 ]
[ FAIL 1 | WARN 0 | SKIP 0 | PASS 5 ]
[ FAIL 1 | WARN 0 | SKIP 0 | PASS 6 ]
[ FAIL 1 | WARN 0 | SKIP 0 | PASS 7 ]
[ FAIL 1 | WARN 0 | SKIP 0 | PASS 8 ]
[ FAIL 1 | WARN 0 | SKIP 0 | PASS 9 ]
[ FAIL 1 | WARN 0 | SKIP 0 | PASS 10 ]
[ FAIL 1 | WARN 0 | SKIP 0 | PASS 11 ]
[ FAIL 1 | WARN 0 | SKIP 0 | PASS 12 ]
[ FAIL 1 | WARN 0 | SKIP 0 | PASS 13 ]
[ FAIL 1 | WARN 0 | SKIP 0 | PASS 14 ]
[ FAIL 1 | WARN 0 | SKIP 0 | PASS 15 ]
[ FAIL 1 | WARN 0 | SKIP 0 | PASS 16 ]
[ FAIL 1 | WARN 0 | SKIP 0 | PASS 17 ]
[ FAIL 1 | WARN 0 | SKIP 0 | PASS 18 ]
[ FAIL 2 | WARN 0 | SKIP 0 | PASS 18 ]
[ FAIL 2 | WARN 0 | SKIP 0 | PASS 19 ]
[ FAIL 2 | WARN 0 | SKIP 0 | PASS 20 ]

── Failure ('test-backend.R:5:3'): all six backends are registered with availability flags ──
Expected `names(bl)` to be identical to `c("name", "description", "extensions", "available")`.
Differences:
    actual          | expected         
[1] "name"          | "name"        [1]
[2] "metadata_only" -                  
[3] "window_read"   -                  
[4] "description"   | "description" [2]
[5] "extensions"    | "extensions"  [3]
[6] "available"     | "available"   [4]


── Error ('test-backend.R:48:3'): at_tile validates ranges, level, and bands ───
Error in `eval(code, test_env)`: bands must be finite whole band indices within range.
Backtrace:
    ▆
 1. ├─testthat::expect_error(at_tile(img, bands = 99), "out of range") at test-backend.R:48:3
 2. │ └─testthat:::expect_condition_matching_(...)
 3. │   └─testthat:::quasi_capture(...)
 4. │     ├─testthat (local) .capture(...)
 5. │     │ └─base::withCallingHandlers(...)
 6. │     └─rlang::eval_bare(quo_get_expr(.quo), quo_get_env(.quo))
 7. └─annotatR::at_tile(img, bands = 99)
 8.   └─cli::cli_abort(...) at annotatR-roadmap/R/backend.R:275:7
 9.     └─rlang::abort(...)

[ FAIL 2 | WARN 0 | SKIP 0 | PASS 20 ]
Error:
! Test failures.
Execution halted
