$backend
[1] "envi"

$dimensions
[1] 32768 32768

$source_bytes
[1] 6442450944

$hypothetical_double_cube_bytes
[1] 25769803776

$rss_and_hwm_before
[1] 260169728 260169728

$rss_and_hwm_after_open
[1] 260169728 260169728

$rss_and_hwm_after_tile
[1] 260231168 260231168

$max_R_allocation
[1] 98352

$total_R_allocations
[1] 1797696

$image_object_bytes
[1] 15848

$tile_bytes
[1] 98528

$open_counts
$open_counts$binary_bytes
[1] 77

$open_counts$binary_calls
[1] 1

$open_counts$native_metadata_calls
[1] 0

$open_counts$native_window_calls
[1] 0

$open_counts$native_file_bytes
[1] 0

$open_counts$decoded_bytes
[1] 0


$final_counts
$final_counts$binary_bytes
[1] 16461

$final_counts$binary_calls
[1] 129

$final_counts$native_metadata_calls
[1] 0

$final_counts$native_window_calls
[1] 0

$final_counts$native_file_bytes
[1] 0

$final_counts$decoded_bytes
[1] 98304


$elapsed
[1] 0.085

$R
[1] "R version 4.6.1 (2026-06-24)"

$platform
[1] "x86_64-pc-linux-gnu"

