ℹ Loading annotatR
✔ | F W  S  OK | Context

⠏ |          0 | agree                                                          
⠼ |          5 | agree                                                          
⠋ |         11 | agree                                                          
✔ |         13 | agree

⠏ |          0 | analytical-reference                                           
⠼ |         15 | analytical-reference                                           
✔ |         43 | analytical-reference

⠏ |          0 | backend-envi                                                   
⠙ |          2 | backend-envi                                                   
✔ |         11 | backend-envi

⠏ |          0 | backend-tivita                                                 
⠏ |         10 | backend-tivita                                                 
✔ |      1  12 | backend-tivita

⠏ |          0 | extract                                                        
⠹ |          3 | extract                                                        
⠏ |         10 | extract                                                        
⠴ |         16 | extract                                                        
✔ |         16 | extract

⠏ |          0 | io-npy                                                         
⠹ |          3 | io-npy                                                         
⠼ |          5 | io-npy                                                         
⠏ |         10 | io-npy                                                         
✔ |      2  15 | io-npy

⠏ |          0 | mask-metadata                                                  
⠏ |         10 | mask-metadata                                                  
⠴ |         16 | mask-metadata                                                  
⠹ |         23 | mask-metadata                                                  
⠼ |         25 | mask-metadata                                                  
⠇ |         29 | mask-metadata                                                  
⠙ |         32 | mask-metadata                                                  
⠴ |         36 | mask-metadata                                                  
⠧ |         38 | mask-metadata                                                  
⠋ |         41 | mask-metadata                                                  
⠇ |         49 | mask-metadata                                                  
⠋ |         51 | mask-metadata                                                  
⠴ |         56 | mask-metadata                                                  
⠦ |         57 | mask-metadata                                                  
⠋ |         61 | mask-metadata                                                  
⠴ |         66 | mask-metadata                                                  
⠧ |         68 | mask-metadata                                                  
⠋ |         71 | mask-metadata                                                  
⠸ |         74 | mask-metadata                                                  
⠏ |         80 | mask-metadata                                                  
⠙ |         82 | mask-metadata                                                  
⠴ |         86 | mask-metadata                                                  
⠇ |         89 | mask-metadata                                                  
⠙ |         92 | mask-metadata                                                  
⠴ |         96 | mask-metadata                                                  
⠙ |        102 | mask-metadata                                                  
⠴ |        106 | mask-metadata                                                  
⠇ |        109 | mask-metadata                                                  
⠙ |        112 | mask-metadata                                                  
⠼ |        115 | mask-metadata                                                  
⠧ |        118 | mask-metadata                                                  
⠹ |        123 | mask-metadata                                                  
⠴ |        126 | mask-metadata                                                  
⠧ |        128 | mask-metadata                                                  
⠏ |        130 | mask-metadata                                                  
⠙ |        132 | mask-metadata                                                  
✔ |        133 | mask-metadata [4.6s]

⠏ |          0 | persistence-contract                                           
⠸ |          4 | persistence-contract                                           
⠙ |         12 | persistence-contract                                           
⠸ |         14 | persistence-contract                                           
⠸ |         24 | persistence-contract                                           
⠙ |         32 | persistence-contract                                           
⠏ |         40 | persistence-contract                                           
✔ |         41 | persistence-contract [2.9s]

⠏ |          0 | persistence-legacy                                             
⠸ |          4 | persistence-legacy                                             
⠏ |         10 | persistence-legacy                                             
⠸ |         14 | persistence-legacy                                             
⠼ |         25 | persistence-legacy                                             
⠙ |         32 | persistence-legacy                                             
✔ |         34 | persistence-legacy [2.8s]

⠏ |          0 | persistence-source                                             
⠼ |         15 | persistence-source                                             
⠼ |         55 | persistence-source                                             
✔ |         56 | persistence-source

⠏ |          0 | provenance-keys                                                
⠧ |          8 | provenance-keys                                                
⠸ |         14 | provenance-keys                                                
⠋ |         21 | provenance-keys                                                
⠼ |         25 | provenance-keys                                                
⠼ |         35 | provenance-keys                                                
⠼ |         45 | provenance-keys                                                
⠙ |         52 | provenance-keys                                                
⠴ |         66 | provenance-keys                                                
⠴ |         76 | provenance-keys                                                
⠇ |         79 | provenance-keys                                                
⠏ |         90 | provenance-keys                                                
⠼ |        105 | provenance-keys                                                
⠹ |        113 | provenance-keys                                                
⠏ |        120 | provenance-keys                                                
⠴ |        126 | provenance-keys                                                
⠧ |        148 | provenance-keys                                                
✔ |        166 | provenance-keys [1.9s]

⠏ |          0 | reader-correctness                                             
⠏ |         10 | reader-correctness                                             
⠦ |         17 | reader-correctness                                             
⠼ |         25 | reader-correctness                                             
⠙ |         32 | reader-correctness                                             
⠇ |         39 | reader-correctness                                             
⠴ |         46 | reader-correctness                                             
⠸ |         54 | reader-correctness                                             
⠋ |         61 | reader-correctness                                             
⠧ |         68 | reader-correctness                                             
⠴ |         76 | reader-correctness                                             
⠹ |         93 | reader-correctness                                             
⠦ |         97 | reader-correctness                                             
⠼ |        105 | reader-correctness                                             
⠧ |        108 | reader-correctness                                             
⠴ |        116 | reader-correctness                                             
⠴ |        126 | reader-correctness                                             
⠹ |        133 | reader-correctness                                             
⠋ |        141 | reader-correctness                                             
✔ |        142 | reader-correctness [4.0s]

⠏ |          0 | reader-provenance                                              
⠼ |          5 | reader-provenance                                              
⠙ |         12 | reader-provenance                                              
✔ |         13 | reader-provenance

⠏ |          0 | windowed-readers                                               
⠼ |         35 | windowed-readers                                               
⠧ |         58 | windowed-readers                                               
⠸ |         64 | windowed-readers                                               
⠇ |         69 | windowed-readers                                               
⠸ |         74 | windowed-readers                                               
⠏ |         80 | windowed-readers                                               
⠦ |         87 | windowed-readers                                               
⠦ |         97 | windowed-readers                                               
⠏ |        110 | windowed-readers                                               
⠦ |        117 | windowed-readers                                               
⠦ |        127 | windowed-readers                                               
⠼ |        135 | windowed-readers                                               
⠋ |        141 | windowed-readers                                               
⠇ |        149 | windowed-readers                                               
⠼ |        155 | windowed-readers                                               
⠏ |        160 | windowed-readers                                               
✔ |        160 | windowed-readers [1.8s]

══ Results ═════════════════════════════════════════════════════════════════════
Duration: 20.8 s

── Skipped tests (3) ───────────────────────────────────────────────────────────
• no workbench reference annotation present (2): 'test-io-npy.R:100:3',
  'test-io-npy.R:108:3'
• no workbench TIVITA cube present (1): 'test-backend-tivita.R:66:3'

[ FAIL 0 | WARN 0 | SKIP 3 | PASS 855 ]
