$backend
[1] "ometiff"

$dimensions
[1] 16384 16384

$source_bytes
[1] 652133

$hypothetical_double_cube_bytes
[1] 2147483648

$rss_and_hwm_before
[1] 260636672 260636672

$rss_and_hwm_after_open
[1] 544428032 544428032

$rss_and_hwm_after_tile
[1] 576802816 576802816

$max_R_allocation
[1] 800480

$total_R_allocations
[1] 71623672

$image_object_bytes
[1] 14184

$tile_bytes
[1] 98528

$open_counts
$open_counts$binary_bytes
[1] 0

$open_counts$binary_calls
[1] 0

$open_counts$native_metadata_calls
[1] 2

$open_counts$native_window_calls
[1] 0

$open_counts$native_file_bytes
[1] NA

$open_counts$decoded_bytes
[1] 0


$final_counts
$final_counts$binary_bytes
[1] 0

$final_counts$binary_calls
[1] 0

$final_counts$native_metadata_calls
[1] 2

$final_counts$native_window_calls
[1] 1

$final_counts$native_file_bytes
[1] NA

$final_counts$decoded_bytes
[1] 98304


$elapsed
[1] 2.212

$R
[1] "R version 4.6.1 (2026-06-24)"

$platform
[1] "x86_64-pc-linux-gnu"

