$backend
[1] "tivita"

$dimensions
[1] 8192 8192

$source_bytes
[1] 805306380

$hypothetical_double_cube_bytes
[1] 1610612736

$rss_and_hwm_before
[1] 260210688 260210688

$rss_and_hwm_after_open
[1] 260218880 260218880

$rss_and_hwm_after_tile
[1] 260218880 260218880

$max_R_allocation
[1] 98352

$total_R_allocations
[1] 861832

$image_object_bytes
[1] 13792

$tile_bytes
[1] 98528

$open_counts
$open_counts$binary_bytes
[1] 0

$open_counts$binary_calls
[1] 0

$open_counts$native_metadata_calls
[1] 0

$open_counts$native_window_calls
[1] 0

$open_counts$native_file_bytes
[1] 0

$open_counts$decoded_bytes
[1] 0


$final_counts
$final_counts$binary_bytes
[1] 32768

$final_counts$binary_calls
[1] 8192

$final_counts$native_metadata_calls
[1] 0

$final_counts$native_window_calls
[1] 0

$final_counts$native_file_bytes
[1] 0

$final_counts$decoded_bytes
[1] 98304


$elapsed
[1] 0.25

$R
[1] "R version 4.6.1 (2026-06-24)"

$platform
[1] "x86_64-pc-linux-gnu"

