ℹ Testing annotatR
audit-persistence: ..............
batch: ......................
export-contract: ............................................................
io-csv: ......
io-geojson: ..........
io-npy: ...............SS
io-qupath: ...........
mask-io: .....................
mask-raster-exact: ........................................................................................................................................................................................
qupath-native: .............................................
refine-correctness: ...................
shiny-modules: Loading required package: shiny
..........................................

══ Skipped ═════════════════════════════════════════════════════════════════════
1. transpose brings a TIVITA (width, height) ground truth into [y, x] (integration) ('test-io-npy.R:100:3') - Reason: no workbench reference annotation present

2. reads a real Python-written ground-truth .npy (integration) ('test-io-npy.R:108:3') - Reason: no workbench reference annotation present

══ DONE ════════════════════════════════════════════════════════════════════════
You rock!
 failed   error warning skipped  passed 
      0       0       0       2     449 
