19:09:50.582 [main] [INFO ] qupath.lib.gui.prefs.PathPrefs - Setting default Locale to en_US
19:09:50.587 [main] [INFO ] qupath.lib.gui.prefs.PathPrefs - Setting Locale for FORMAT to en_US
19:09:50.587 [main] [INFO ] qupath.lib.gui.prefs.PathPrefs - Setting Locale for DISPLAY to en_US
19:09:50.625 [main] [INFO ] qupath.lib.common.ThreadTools - Setting parallelism to 1
19:09:50.636 [main] [INFO ] qupath.ScriptCommand - Setting tile cache size to 128.00 MB (25.0% max memory)
19:09:50.764 [main] [INFO ] qupath.lib.scripting.QP - Initializing type adapters
Exception in thread "main" Assertion failed: 

assert rows[0].color == 0x123456
       |   |   |     |
       |   |   |     false
       |   |   -15584170
       |   ['id':'a71f79f7-7237-89d1-ad63-e08acb14a9c2', 'label':'region', 'color':-15584170, 'locked':true, 'objectClass':'PathAnnotationObject', 'metadata':['annotatR_roi_id':'level-roi', 'annotatR_coordinate_schema':'annotatR-pixel-level-v1', 'annotatR_coordinate_level':'0'], 'x':8.0, 'y':6.0, 'width':12.0, 'height':8.0, 'area':96.0, 'wkt':'POLYGON ((8 6, 8 14, 20 14, 20 6, 8 6))']
       [['id':'a71f79f7-7237-89d1-ad63-e08acb14a9c2', 'label':'region', 'color':-15584170, 'locked':true, 'objectClass':'PathAnnotationObject', 'metadata':['annotatR_roi_id':'level-roi', 'annotatR_coordinate_schema':'annotatR-pixel-level-v1', 'annotatR_coordinate_level':'0'], 'x':8.0, 'y':6.0, 'width':12.0, 'height':8.0, 'area':96.0, 'wkt':'POLYGON ((8 6, 8 14, 20 14, 20 6, 8 6))'], ['id':'072dc539-62cc-8ef6-a321-f3ede055c247', 'label':'donut', 'color':-5517841, 'locked':false, 'objectClass':'PathAnnotationObject', 'metadata':['annotatR_roi_id':'donut-roi', 'annotatR_coordinate_schema':'annotatR-pixel-level-v1', 'annotatR_coordinate_level':'0'], 'x':24.0, 'y':2.0, 'width':10.0, 'height':10.0, 'area':84.0, 'wkt':'POLYGON ((24 12, 34 12, 34 2, 24 2, 24 12), (31 5, 31 9, 27 9, 27 5, 31 5))'], ['id':'00000000-0000-0000-0000-000000000103', 'label':'cell', 'color':-16711165, 'locked':false, 'objectClass':'PathDetectionObject', 'metadata':['annotatR_roi_id':'00000000-0000-0000-0000-000000000103', 'annotatR_coordinate_schema':'annotatR-pixel-level-v1', 'annotatR_coordinate_level':'0'], 'x':1.0, 'y':1.0, 'width':2.0, 'height':2.0, 'area':4.0, 'wkt':'POLYGON ((1 1, 1 3, 3 3, 3 1, 1 1))']]

	at org.codehaus.groovy.runtime.InvokerHelper.createAssertError(InvokerHelper.java:412)
	at qupath_roundtrip.run(qupath-roundtrip.groovy:17)
	at org.codehaus.groovy.jsr223.GroovyScriptEngineImpl.eval(GroovyScriptEngineImpl.java:331)
	at org.codehaus.groovy.jsr223.GroovyScriptEngineImpl.eval(GroovyScriptEngineImpl.java:161)
	at qupath.lib.gui.scripting.languages.DefaultScriptLanguage.execute(DefaultScriptLanguage.java:231)
	at qupath.ScriptCommand.runBatchScript(QuPath.java:524)
	at qupath.ScriptCommand.runSingleScript(QuPath.java:475)
	at qupath.ScriptCommand.run(QuPath.java:418)
	at picocli.CommandLine.executeUserObject(CommandLine.java:2045)
	at picocli.CommandLine.access$1500(CommandLine.java:148)
	at picocli.CommandLine$RunLast.executeUserObjectOfLastSubcommandWithSameParent(CommandLine.java:2469)
	at picocli.CommandLine$RunLast.handle(CommandLine.java:2461)
	at picocli.CommandLine$RunLast.handle(CommandLine.java:2423)
	at picocli.CommandLine$AbstractParseResultHandler.execute(CommandLine.java:2277)
	at picocli.CommandLine$RunLast.execute(CommandLine.java:2425)
	at picocli.CommandLine.execute(CommandLine.java:2174)
	at qupath.QuPath.main(QuPath.java:208)
