ℹ Testing annotatR
audit-persistence: ..............
batch: ......................
coordinate-levels: .....................................................................................................................................................................
export-contract: .............................
io-qupath: ...........
mask-io: .....................
mask-metadata: .....................................................................................................................................
qupath-native: ........................................
refine-correctness: ......1...........
shiny-modules: Loading required package: shiny
......................................

══ Failed ══════════════════════════════════════════════════════════════════════
── 1. Error ('test-refine-correctness.R:38:3'): at_roi_overlaps normalises pyram
Error in `eval(code, test_env)`: Mixed coordinate levels require image pyramid dimensions.
Backtrace:
    ▆
 1. ├─testthat::expect_true(at_roi_overlaps(roi1, roi2)) at test-refine-correctness.R:38:3
 2. │ └─testthat::quasi_label(enquo(object), label)
 3. │   └─rlang::eval_bare(expr, quo_get_env(quo))
 4. └─annotatR::at_roi_overlaps(roi1, roi2)
 5.   └─annotatR:::.normalize_operation_rois(...) at annotatR-roadmap/R/geometry.R:304:3
 6.     └─cli::cli_abort(...) at annotatR-roadmap/R/geometry.R:152:5
 7.       └─rlang::abort(...)

══ DONE ════════════════════════════════════════════════════════════════════════
Error:
! Test failures.
Execution halted
