stars 0.7.3 sf 1.1.2 
          GEOS           GDAL         proj.4 GDAL_with_GEOS     USE_PROJ_H 
      "3.14.1"       "3.12.2"        "9.7.1"         "true"         "true" 
          PROJ 
       "9.7.1" 
$x


$...


$as_points
[1] FALSE

$merge
[1] FALSE

$na.rm
[1] TRUE

$use_integer
is.logical(x[[1]]) || is.integer(x[[1]])

$long
[1] FALSE

$connect8
[1] FALSE

use_integer TRUE connect8 FALSE foreground regions 2 
use_integer TRUE connect8 TRUE foreground regions 2 
use_integer FALSE connect8 FALSE foreground regions 2 
use_integer FALSE connect8 TRUE foreground regions 1 
